Component: ARM Compiler 5.05 update 1 (build 106) Tool: armlink [4d0efa]

==============================================================================

Section Cross References

    main.o(.text) refers to _printf_percent.o(.ARM.Collect$$_printf_percent$$00000000) for _printf_percent
    main.o(.text) refers to _printf_d.o(.ARM.Collect$$_printf_percent$$00000009) for _printf_d
    main.o(.text) refers to _printf_dec.o(.text) for _printf_int_dec
    main.o(.text) refers to _printf_pad.o(.text) for _printf_pre_padding
    main.o(.text) refers to _printf_x.o(.ARM.Collect$$_printf_percent$$0000000C) for _printf_x
    main.o(.text) refers to _printf_hex_int.o(.text) for _printf_longlong_hex
    main.o(.text) refers to lcd.o(.text) for LCD_Fill
    main.o(.text) refers to noretval__2sprintf.o(.text) for __2sprintf
    main.o(.text) refers to dm9000.o(.text) for DM9000_Get_SpeedAndDuplex
    main.o(.text) refers to delay.o(.text) for delay_ms
    main.o(.text) refers to lwip_comm.o(.text) for lwip_comm_init
    main.o(.text) refers to httpd.o(.text) for httpd_init
    main.o(.text) refers to malloc.o(.text) for my_mem_perused
    main.o(.text) refers to os_q.o(.text) for OSQPost
    main.o(.text) refers to os_tmr.o(.text) for OSTmrStop
    main.o(.text) refers to key.o(.text) for KEY_Scan
    main.o(.text) refers to tpad.o(.text) for TPAD_Scan
    main.o(.text) refers to os_mbox.o(.text) for OSMboxPost
    main.o(.text) refers to os_flag.o(.text) for OSFlagPend
    main.o(.text) refers to noretval__2printf.o(.text) for __2printf
    main.o(.text) refers to lcd.o(.bss) for lcddev
    main.o(.text) refers to main.o(.data) for line
    main.o(.text) refers to lcd.o(.data) for POINT_COLOR
    main.o(.text) refers to lwip_comm.o(.bss) for lwipdev
    main.o(.text) refers to os_core.o(.data) for OSCPUUsage
    main.o(.text) refers to os_task.o(.text) for OSTaskSuspend
    main.o(.text) refers to touch.o(.text) for TP_Adjust
    main.o(.text) refers to os_cpu_a.o(.text) for OS_CPU_SR_Save
    main.o(.text) refers to os_core.o(.text) for OSStatInit
    main.o(.text) refers to misc.o(.text) for NVIC_PriorityGroupConfig
    main.o(.text) refers to usart.o(.text) for uart_init
    main.o(.text) refers to led.o(.text) for LED_Init
    main.o(.text) refers to beep.o(.text) for BEEP_Init
    main.o(.text) refers to rtc.o(.text) for RTC_Init
    main.o(.text) refers to tsensor.o(.text) for T_Adc_Init
    main.o(.text) refers to timer.o(.text) for TIM3_Int_Init
    main.o(.text) refers to sram.o(.text) for FSMC_SRAM_Init
    main.o(.text) refers to touch.o(.data) for tp_dev
    main.o(.text) refers to main.o(.bss) for MsgGrp
    system_stm32f10x.o(.text) refers to system_stm32f10x.o(.data) for SystemCoreClock
    led.o(.text) refers to stm32f10x_rcc.o(.text) for RCC_APB2PeriphClockCmd
    led.o(.text) refers to stm32f10x_gpio.o(.text) for GPIO_Init
    key.o(.text) refers to stm32f10x_rcc.o(.text) for RCC_APB2PeriphClockCmd
    key.o(.text) refers to stm32f10x_gpio.o(.text) for GPIO_Init
    key.o(.text) refers to delay.o(.text) for delay_ms
    key.o(.text) refers to key.o(.data) for key_up
    beep.o(.text) refers to stm32f10x_rcc.o(.text) for RCC_APB2PeriphClockCmd
    beep.o(.text) refers to stm32f10x_gpio.o(.text) for GPIO_Init
    lcd.o(.text) refers to _printf_percent.o(.ARM.Collect$$_printf_percent$$00000000) for _printf_percent
    lcd.o(.text) refers to _printf_x.o(.ARM.Collect$$_printf_percent$$0000000C) for _printf_x
    lcd.o(.text) refers to _printf_hex_int.o(.text) for _printf_longlong_hex
    lcd.o(.text) refers to delay.o(.text) for delay_us
    lcd.o(.text) refers to lcd.o(.bss) for lcddev
    lcd.o(.text) refers to lcd.o(.data) for POINT_COLOR
    lcd.o(.text) refers to dflt_clz.o(x$fpl$dfltu) for __aeabi_ui2d
    lcd.o(.text) refers to dmul.o(x$fpl$dmul) for __aeabi_dmul
    lcd.o(.text) refers to dfixu.o(x$fpl$dfixu) for __aeabi_d2uiz
    lcd.o(.text) refers to stm32f10x_rcc.o(.text) for RCC_AHBPeriphClockCmd
    lcd.o(.text) refers to stm32f10x_gpio.o(.text) for GPIO_Init
    lcd.o(.text) refers to stm32f10x_fsmc.o(.text) for FSMC_NORSRAMInit
    lcd.o(.text) refers to noretval__2printf.o(.text) for __2printf
    lcd.o(.text) refers to lcd.o(.constdata) for asc2_1206
    myiic.o(.text) refers to stm32f10x_rcc.o(.text) for RCC_APB2PeriphClockCmd
    myiic.o(.text) refers to stm32f10x_gpio.o(.text) for GPIO_Init
    myiic.o(.text) refers to delay.o(.text) for delay_us
    24cxx.o(.text) refers to myiic.o(.text) for IIC_Init
    24cxx.o(.text) refers to delay.o(.text) for delay_ms
    spi.o(.text) refers to stm32f10x_spi.o(.text) for SPI_I2S_GetFlagStatus
    spi.o(.text) refers to stm32f10x_rcc.o(.text) for RCC_APB2PeriphClockCmd
    spi.o(.text) refers to stm32f10x_gpio.o(.text) for GPIO_Init
    w25qxx.o(.text) refers to _printf_percent.o(.ARM.Collect$$_printf_percent$$00000000) for _printf_percent
[...]
    OS_Sched                                 0x0800c19b   Thumb Code    88  os_core.o(.text)
    OSSchedUnlock                            0x0800c1f3   Thumb Code   238  os_core.o(.text)
    OSStart                                  0x0800c2e1   Thumb Code    48  os_core.o(.text)
    OSStatInit                               0x0800c311   Thumb Code    62  os_core.o(.text)
    OSTimeTick                               0x0800c34f   Thumb Code   210  os_core.o(.text)
    OSVersion                                0x0800c421   Thumb Code     6  os_core.o(.text)
    OS_Dummy                                 0x0800c427   Thumb Code     2  os_core.o(.text)
    OS_EventTaskRemove                       0x0800c429   Thumb Code    42  os_core.o(.text)
    OS_EventTaskRdy                          0x0800c453   Thumb Code   114  os_core.o(.text)
    OS_EventTaskWait                         0x0800c4c5   Thumb Code   112  os_core.o(.text)
    OS_EventWaitListInit                     0x0800c535   Thumb Code    28  os_core.o(.text)
    OS_MemCopy                               0x0800c551   Thumb Code    20  os_core.o(.text)
    OS_StrLen                                0x0800c565   Thumb Code    20  os_core.o(.text)
    OS_TCBInit                               0x0800c579   Thumb Code   280  os_core.o(.text)
    OSFlagAccept                             0x0800c6d5   Thumb Code   252  os_flag.o(.text)
    OSFlagCreate                             0x0800c7d1   Thumb Code    86  os_flag.o(.text)
    OS_FlagUnlink                            0x0800c827   Thumb Code    36  os_flag.o(.text)
    OSFlagDel                                0x0800c89d   Thumb Code   214  os_flag.o(.text)
    OSFlagNameGet                            0x0800c973   Thumb Code    80  os_flag.o(.text)
    OSFlagNameSet                            0x0800c9c3   Thumb Code    66  os_flag.o(.text)
    OSFlagPend                               0x0800ca9d   Thumb Code   614  os_flag.o(.text)
    OSFlagPendGetFlagsRdy                    0x0800cd03   Thumb Code    26  os_flag.o(.text)
    OSFlagPost                               0x0800cd1d   Thumb Code   312  os_flag.o(.text)
    OSFlagQuery                              0x0800ce55   Thumb Code    48  os_flag.o(.text)
    OS_FlagInit                              0x0800ce85   Thumb Code    78  os_flag.o(.text)
    OSMboxAccept                             0x0800cee1   Thumb Code    38  os_mbox.o(.text)
    OSMboxCreate                             0x0800cf07   Thumb Code    68  os_mbox.o(.text)
    OSMboxDel                                0x0800cf4b   Thumb Code   200  os_mbox.o(.text)
    OSMboxPend                               0x0800d013   Thumb Code   246  os_mbox.o(.text)
    OSMboxPendAbort                          0x0800d109   Thumb Code   128  os_mbox.o(.text)
    OSMboxPost                               0x0800d189   Thumb Code    80  os_mbox.o(.text)
    OSMboxPostOpt                            0x0800d1d9   Thumb Code   120  os_mbox.o(.text)
    OSMboxQuery                              0x0800d251   Thumb Code    76  os_mbox.o(.text)
    OSQAccept                                0x0800d2ad   Thumb Code    88  os_q.o(.text)
    OSQCreate                                0x0800d305   Thumb Code   140  os_q.o(.text)
    OSQDel                                   0x0800d391   Thumb Code   236  os_q.o(.text)
    OSQFlush                                 0x0800d47d   Thumb Code    36  os_q.o(.text)
    OSQPend                                  0x0800d4a1   Thumb Code   272  os_q.o(.text)
    OSQPendAbort                             0x0800d5b1   Thumb Code   128  os_q.o(.text)
    OSQPost                                  0x0800d631   Thumb Code   114  os_q.o(.text)
    OSQPostFront                             0x0800d6a3   Thumb Code   136  os_q.o(.text)
    OSQPostOpt                               0x0800d72b   Thumb Code   182  os_q.o(.text)
    OSQQuery                                 0x0800d7e1   Thumb Code    98  os_q.o(.text)
    OS_QInit                                 0x0800d843   Thumb Code    72  os_q.o(.text)
    OSSemAccept                              0x0800d895   Thumb Code    42  os_sem.o(.text)
    OSSemCreate                              0x0800d8bf   Thumb Code    68  os_sem.o(.text)
    OSSemDel                                 0x0800d903   Thumb Code   200  os_sem.o(.text)
    OSSemPend                                0x0800d9cb   Thumb Code   222  os_sem.o(.text)
    OSSemPendAbort                           0x0800daa9   Thumb Code   128  os_sem.o(.text)
    OSSemPost                                0x0800db29   Thumb Code    88  os_sem.o(.text)
    OSSemQuery                               0x0800db81   Thumb Code    76  os_sem.o(.text)
    OSSemSet                                 0x0800dbcd   Thumb Code    66  os_sem.o(.text)
    OSTaskChangePrio                         0x0800dc21   Thumb Code   308  os_task.o(.text)
    OSTaskCreate                             0x0800dd55   Thumb Code   148  os_task.o(.text)
    OS_TaskStkClr                            0x0800dde9   Thumb Code    26  os_task.o(.text)
    OSTaskCreateExt                          0x0800de03   Thumb Code   170  os_task.o(.text)
    OSTaskDel                                0x0800dead   Thumb Code   294  os_task.o(.text)
    OSTaskDelReq                             0x0800dfd3   Thumb Code   144  os_task.o(.text)
    OSTaskNameGet                            0x0800e063   Thumb Code   114  os_task.o(.text)
    OSTaskNameSet                            0x0800e0d5   Thumb Code    98  os_task.o(.text)
    OSTaskResume                             0x0800e137   Thumb Code   154  os_task.o(.text)
    OSTaskStkChk                             0x0800e1d1   Thumb Code   132  os_task.o(.text)
    OSTaskSuspend                            0x0800e255   Thumb Code   152  os_task.o(.text)
    OSTaskQuery                              0x0800e2ed   Thumb Code    82  os_task.o(.text)
    OSTaskRegGet                             0x0800e33f   Thumb Code    60  os_task.o(.text)
    OSTaskRegSet                             0x0800e37b   Thumb Code    62  os_task.o(.text)
    OS_TaskReturn                            0x0800e3b9   Thumb Code    18  os_task.o(.text)
    OSTimeDly                                0x0800e3e5   Thumb Code   100  os_time.o(.text)
    OSTimeDlyHMSM                            0x0800e449   Thumb Code    86  os_time.o(.text)
    OSTimeDlyResume                          0x0800e49f   Thumb Code   168  os_time.o(.text)
    OSTimeGet                                0x0800e547   Thumb Code    24  os_time.o(.text)
    OSTimeSet                                0x0800e55f   Thumb Code    24  os_time.o(.text)
    OSTmrCreate                              0x0800e5c7   Thumb Code    96  os_tmr.o(.text)
    OSTmrDel                                 0x0800e69f   Thumb Code   124  os_tmr.o(.text)
    OSTmrNameGet                             0x0800e71b   Thumb Code   114  os_tmr.o(.text)
    OSTmrRemainGet                           0x0800e78d   Thumb Code   164  os_tmr.o(.text)
    OSTmrStateGet                            0x0800e831   Thumb Code    86  os_tmr.o(.text)
    OSTmrStart                               0x0800e8eb   Thumb Code   128  os_tmr.o(.text)
    OSTmrStop                                0x0800e96b   Thumb Code   210  os_tmr.o(.text)
    OSTmrSignal                              0x0800ea3d   Thumb Code    16  os_tmr.o(.text)
    OSTmr_Init                               0x0800eaf1   Thumb Code   152  os_tmr.o(.text)
    OS_CPU_SR_Save                           0x0800ebc9   Thumb Code     0  os_cpu_a.o(.text)
    OS_CPU_SR_Restore                        0x0800ebd1   Thumb Code     0  os_cpu_a.o(.text)
    OSStartHighRdy                           0x0800ebd7   Thumb Code     0  os_cpu_a.o(.text)
    OSCtxSw                                  0x0800ebf9   Thumb Code     0  os_cpu_a.o(.text)
    OSIntCtxSw                               0x0800ec07   Thumb Code     0  os_cpu_a.o(.text)
    PendSV_Handler                           0x0800ec17   Thumb Code     0  os_cpu_a.o(.text)
    OSInitHookBegin                          0x0800ec7d   Thumb Code     8  os_cpu_c.o(.text)
    OSInitHookEnd                            0x0800ec85   Thumb Code     2  os_cpu_c.o(.text)
    OSTaskCreateHook                         0x0800ec87   Thumb Code     2  os_cpu_c.o(.text)
    OSTaskDelHook                            0x0800ec89   Thumb Code     2  os_cpu_c.o(.text)
    OSTaskIdleHook                           0x0800ec8b   Thumb Code     2  os_cpu_c.o(.text)
    OSTaskStatHook                           0x0800ec8d   Thumb Code     2  os_cpu_c.o(.text)
    OSTaskStkInit                            0x0800ec8f   Thumb Code   154  os_cpu_c.o(.text)
    OSTaskSwHook                             0x0800ed29   Thumb Code     2  os_cpu_c.o(.text)
    OSTCBInitHook                            0x0800ed2b   Thumb Code     2  os_cpu_c.o(.text)
    OSTimeTickHook                           0x0800ed2d   Thumb Code    30  os_cpu_c.o(.text)
    OSTaskReturnHook                         0x0800ed4b   Thumb Code     2  os_cpu_c.o(.text)
    sys_now                                  0x0800ed51   Thumb Code     6  sys_arch.o(.text)
    lwip_comm_mem_free                       0x0800ed5d   Thumb Code    24  lwip_comm.o(.text)
    lwip_comm_mem_malloc                     0x0800ed75   Thumb Code    60  lwip_comm.o(.text)
    lwip_comm_default_ip_set                 0x0800edb1   Thumb Code   102  lwip_comm.o(.text)
    lwip_comm_init                           0x0800ee17   Thumb Code   104  lwip_comm.o(.text)
    lwip_pkt_handle                          0x0800ee7f   Thumb Code    10  lwip_comm.o(.text)
    lwip_dhcp_process_handle                 0x0800ee89   Thumb Code   418  lwip_comm.o(.text)
    lwip_periodic_handle                     0x0800f02b   Thumb Code   138  lwip_comm.o(.text)
    tcp_server_remove_timewait               0x0800f285   Thumb Code    62  tcp_server_demo.o(.text)
    tcp_server_connection_close              0x0800f2c3   Thumb Code    76  tcp_server_demo.o(.text)
    tcp_server_senddata                      0x0800f30f   Thumb Code    92  tcp_server_demo.o(.text)
    tcp_server_sent                          0x0800f36b   Thumb Code    30  tcp_server_demo.o(.text)
    tcp_server_poll                          0x0800f389   Thumb Code   138  tcp_server_demo.o(.text)
    tcp_server_error                         0x0800f413   Thumb Code    24  tcp_server_demo.o(.text)
    tcp_server_recv                          0x0800f42b   Thumb Code   254  tcp_server_demo.o(.text)
    tcp_server_accept                        0x0800f529   Thumb Code   152  tcp_server_demo.o(.text)
    tcp_server_test                          0x0800f5c1   Thumb Code   590  tcp_server_demo.o(.text)
    tcp_client_set_remoteip                  0x0800f845   Thumb Code   144  tcp_client_demo.o(.text)
    tcp_client_connection_close              0x0800f8d5   Thumb Code    76  tcp_client_demo.o(.text)
    tcp_client_senddata                      0x0800f921   Thumb Code    86  tcp_client_demo.o(.text)
    tcp_client_poll                          0x0800f977   Thumb Code   138  tcp_client_demo.o(.text)
    tcp_client_sent                          0x0800fa01   Thumb Code    30  tcp_client_demo.o(.text)
    tcp_client_error                         0x0800fa1f   Thumb Code     2  tcp_client_demo.o(.text)
    tcp_client_recv                          0x0800fa21   Thumb Code   222  tcp_client_demo.o(.text)
    tcp_client_connected                     0x0800faff   Thumb Code   128  tcp_client_demo.o(.text)
    tcp_client_test                          0x0800fb7f   Thumb Code   686  tcp_client_demo.o(.text)
    fs_open                                  0x0800fec7   Thumb Code    70  fs.o(.text)
    fs_close                                 0x0800ff0d   Thumb Code    12  fs.o(.text)
    fs_read                                  0x0800ff19   Thumb Code    62  fs.o(.text)
    fs_bytes_left                            0x0800ff57   Thumb Code    10  fs.o(.text)
    httpd_init                               0x08010f53   Thumb Code    18  httpd.o(.text)
    http_set_ssi_handler                     0x08010f65   Thumb Code   108  httpd.o(.text)
    http_set_cgi_handlers                    0x08010fd1   Thumb Code    74  httpd.o(.text)
    ADC_Handler                              0x08011195   Thumb Code   166  httpd_cgi_ssi.o(.text)
    Temperate_Handler                        0x0801123b   Thumb Code   150  httpd_cgi_ssi.o(.text)
    RTCTime_Handler                          0x080112d1   Thumb Code    92  httpd_cgi_ssi.o(.text)
    RTCdate_Handler                          0x0801132d   Thumb Code   140  httpd_cgi_ssi.o(.text)
    LEDS_CGI_Handler                         0x080113fd   Thumb Code   160  httpd_cgi_ssi.o(.text)
    BEEP_CGI_Handler                         0x0801149d   Thumb Code   160  httpd_cgi_ssi.o(.text)
    httpd_ssi_init                           0x0801153d   Thumb Code    14  httpd_cgi_ssi.o(.text)
    httpd_cgi_init                           0x0801154b   Thumb Code    12  httpd_cgi_ssi.o(.text)
    lwip_htons                               0x08011625   Thumb Code    12  def.o(.text)
    lwip_ntohs                               0x08011631   Thumb Code    12  def.o(.text)
    lwip_htonl                               0x0801163d   Thumb Code    26  def.o(.text)
    lwip_ntohl                               0x08011657   Thumb Code    12  def.o(.text)
    dhcp_renew                               0x08011ee5   Thumb Code   132  dhcp.o(.text)
    dhcp_coarse_tmr                          0x0801202b   Thumb Code    62  dhcp.o(.text)
    dhcp_release                             0x08012163   Thumb Code   160  dhcp.o(.text)
    dhcp_fine_tmr                            0x080123b7   Thumb Code    64  dhcp.o(.text)
    dhcp_set_struct                          0x08012467   Thumb Code   106  dhcp.o(.text)
    dhcp_cleanup                             0x080124d1   Thumb Code   188  dhcp.o(.text)
    dhcp_stop                                0x0801258d   Thumb Code   108  dhcp.o(.text)
    dhcp_start                               0x08012c13   Thumb Code   276  dhcp.o(.text)
    dhcp_inform                              0x08012d27   Thumb Code   192  dhcp.o(.text)
    dhcp_network_changed                     0x08012de7   Thumb Code   150  dhcp.o(.text)
    dhcp_arp_reply                           0x08012efb   Thumb Code    68  dhcp.o(.text)
    lwip_init                                0x08012f49   Thumb Code    28  init.o(.text)
    mem_init                                 0x0801303f   Thumb Code    78  mem.o(.text)
    mem_free                                 0x0801308d   Thumb Code   148  mem.o(.text)
    mem_trim                                 0x08013121   Thumb Code   308  mem.o(.text)
    mem_malloc                               0x08013255   Thumb Code   740  mem.o(.text)
    mem_calloc                               0x08013539   Thumb Code    34  mem.o(.text)
    memp_get_memorysize                      0x08013609   Thumb Code     8  memp.o(.text)
    memp_init                                0x08013611   Thumb Code    86  memp.o(.text)
    memp_malloc                              0x08013667   Thumb Code    88  memp.o(.text)
    memp_free                                0x080136bf   Thumb Code    58  memp.o(.text)
    netif_init                               0x080137bd   Thumb Code     2  netif.o(.text)
    netif_set_gw                             0x080137bf   Thumb Code    12  netif.o(.text)
    netif_set_netmask                        0x080137cb   Thumb Code    12  netif.o(.text)
    netif_set_ipaddr                         0x080137d7   Thumb Code   110  netif.o(.text)
    netif_set_addr                           0x08013845   Thumb Code    40  netif.o(.text)
    netif_add                                0x0801386d   Thumb Code   120  netif.o(.text)
    netif_set_default                        0x080138e5   Thumb Code     6  netif.o(.text)
    netif_set_down                           0x080138eb   Thumb Code    42  netif.o(.text)
    netif_remove                             0x08013915   Thumb Code    90  netif.o(.text)
    netif_find                               0x0801396f   Thumb Code    64  netif.o(.text)
    netif_set_up                             0x080139af   Thumb Code    54  netif.o(.text)
    netif_set_link_up                        0x080139e5   Thumb Code    66  netif.o(.text)
    netif_set_link_down                      0x08013a27   Thumb Code    24  netif.o(.text)
    pbuf_free                                0x08013abd   Thumb Code   244  pbuf.o(.text)
    pbuf_alloc                               0x08013bb1   Thumb Code   644  pbuf.o(.text)
    pbuf_alloced_custom                      0x08013e35   Thumb Code   674  pbuf.o(.text)
    pbuf_realloc                             0x080140d7   Thumb Code   268  pbuf.o(.text)
    pbuf_header                              0x080141e3   Thumb Code   206  pbuf.o(.text)
    pbuf_clen                                0x080142b1   Thumb Code    18  pbuf.o(.text)
    pbuf_ref                                 0x080142c3   Thumb Code    10  pbuf.o(.text)
    pbuf_cat                                 0x080142cd   Thumb Code   138  pbuf.o(.text)
    pbuf_chain                               0x08014357   Thumb Code    22  pbuf.o(.text)
    pbuf_dechain                             0x0801436d   Thumb Code   122  pbuf.o(.text)
    pbuf_copy                                0x080143e7   Thumb Code   814  pbuf.o(.text)
    pbuf_copy_partial                        0x08014715   Thumb Code   190  pbuf.o(.text)
    pbuf_take                                0x080147d3   Thumb Code   210  pbuf.o(.text)
    pbuf_coalesce                            0x080148a5   Thumb Code    84  pbuf.o(.text)
    pbuf_get_at                              0x080148f9   Thumb Code    46  pbuf.o(.text)
    pbuf_memcmp                              0x08014927   Thumb Code    96  pbuf.o(.text)
    pbuf_memfind                             0x08014987   Thumb Code    76  pbuf.o(.text)
    pbuf_strstr                              0x080149d3   Thumb Code    60  pbuf.o(.text)
    raw_input                                0x08014af9   Thumb Code   102  raw.o(.text)
    raw_bind                                 0x08014b5f   Thumb Code    16  raw.o(.text)
    raw_connect                              0x08014b6f   Thumb Code    16  raw.o(.text)
    raw_recv                                 0x08014b7f   Thumb Code     6  raw.o(.text)
    raw_sendto                               0x08014b85   Thumb Code   178  raw.o(.text)
    raw_send                                 0x08014c37   Thumb Code    18  raw.o(.text)
    raw_remove                               0x08014c49   Thumb Code    60  raw.o(.text)
    raw_new                                  0x08014c85   Thumb Code    42  raw.o(.text)
    tcp_init                                 0x08014d35   Thumb Code     2  tcp.o(.text)
    tcp_seg_free                             0x08014d37   Thumb Code    26  tcp.o(.text)
    tcp_segs_free                            0x08014d51   Thumb Code    24  tcp.o(.text)
    tcp_pcb_purge                            0x08014d69   Thumb Code    64  tcp.o(.text)
    tcp_slowtmr                              0x08014da9   Thumb Code  1420  tcp.o(.text)
    tcp_pcb_remove                           0x08015335   Thumb Code   192  tcp.o(.text)
    tcp_close                                0x080155c1   Thumb Code    28  tcp.o(.text)
    tcp_update_rcv_ann_wnd                   0x080155dd   Thumb Code   106  tcp.o(.text)
    tcp_recved                               0x08015647   Thumb Code   132  tcp.o(.text)
    tcp_recv_null                            0x080156cb   Thumb Code   298  tcp.o(.text)
    tcp_process_refused_data                 0x080157f5   Thumb Code   140  tcp.o(.text)
    tcp_fasttmr                              0x08015881   Thumb Code   110  tcp.o(.text)
    tcp_tmr                                  0x080158ef   Thumb Code    30  tcp.o(.text)
    tcp_shutdown                             0x0801590d   Thumb Code    98  tcp.o(.text)
    tcp_abandon                              0x0801596f   Thumb Code   164  tcp.o(.text)
    tcp_abort                                0x08015a13   Thumb Code    14  tcp.o(.text)
    tcp_bind                                 0x08015a81   Thumb Code   166  tcp.o(.text)
    tcp_listen_with_backlog                  0x08015b2f   Thumb Code   222  tcp.o(.text)
    tcp_eff_send_mss                         0x08015c0d   Thumb Code    46  tcp.o(.text)
    tcp_next_iss                             0x08015c3b   Thumb Code    20  tcp.o(.text)
    tcp_connect                              0x08015c4f   Thumb Code   580  tcp.o(.text)
    tcp_setprio                              0x08015e93   Thumb Code     4  tcp.o(.text)
    tcp_alloc                                0x08015f15   Thumb Code   174  tcp.o(.text)
    tcp_new                                  0x08015fc3   Thumb Code    10  tcp.o(.text)
    tcp_arg                                  0x08015fcd   Thumb Code     4  tcp.o(.text)
    tcp_recv                                 0x08015fd1   Thumb Code    42  tcp.o(.text)
    tcp_sent                                 0x08015ffb   Thumb Code    42  tcp.o(.text)
    tcp_err                                  0x08016025   Thumb Code    44  tcp.o(.text)
    tcp_accept                               0x08016051   Thumb Code     4  tcp.o(.text)
    tcp_poll                                 0x08016055   Thumb Code    50  tcp.o(.text)
    tcp_debug_state_str                      0x08016087   Thumb Code    10  tcp.o(.text)
    tcp_input                                0x08017295   Thumb Code  1682  tcp_in.o(.text)
    tcp_enqueue_flags                        0x08017a69   Thumb Code   396  tcp_out.o(.text)
    tcp_send_fin                             0x08017bf5   Thumb Code    74  tcp_out.o(.text)
    tcp_write                                0x08017ecb   Thumb Code  1564  tcp_out.o(.text)
    tcp_send_empty_ack                       0x080184e7   Thumb Code    96  tcp_out.o(.text)
    tcp_output                               0x08018627   Thumb Code   662  tcp_out.o(.text)
    tcp_rst                                  0x080188bd   Thumb Code   172  tcp_out.o(.text)
    tcp_rexmit_rto                           0x08018969   Thumb Code    58  tcp_out.o(.text)
    tcp_rexmit                               0x080189a3   Thumb Code    90  tcp_out.o(.text)
    tcp_rexmit_fast                          0x080189fd   Thumb Code   112  tcp_out.o(.text)
    tcp_keepalive                            0x08018a6d   Thumb Code    86  tcp_out.o(.text)
    tcp_zero_window_probe                    0x08018ac3   Thumb Code   182  tcp_out.o(.text)
    sys_timeout                              0x08018b79   Thumb Code   174  timers.o(.text)
    tcp_timer_needed                         0x08018c4f   Thumb Code    38  timers.o(.text)
    sys_timeouts_init                        0x08018ccd   Thumb Code    60  timers.o(.text)
    sys_untimeout                            0x08018d09   Thumb Code    90  timers.o(.text)
    sys_check_timeouts                       0x08018d63   Thumb Code    92  timers.o(.text)
    sys_restart_timeouts                     0x08018dbf   Thumb Code    12  timers.o(.text)
    udp_init                                 0x08018e89   Thumb Code     2  udp.o(.text)
    udp_input                                0x08018edb   Thumb Code   518  udp.o(.text)
    udp_bind                                 0x080190e1   Thumb Code   146  udp.o(.text)
    udp_sendto_if                            0x08019173   Thumb Code   466  udp.o(.text)
    udp_sendto                               0x08019345   Thumb Code    46  udp.o(.text)
    udp_send                                 0x08019373   Thumb Code    20  udp.o(.text)
    udp_connect                              0x08019387   Thumb Code    94  udp.o(.text)
    udp_disconnect                           0x080193e5   Thumb Code    16  udp.o(.text)
    udp_recv                                 0x080193f5   Thumb Code     6  udp.o(.text)
    udp_remove                               0x080193fb   Thumb Code    60  udp.o(.text)
    udp_new                                  0x08019437   Thumb Code    28  udp.o(.text)
    etharp_tmr                               0x08019493   Thumb Code   136  etharp.o(.text)
    etharp_cleanup_netif                     0x0801981d   Thumb Code   336  etharp.o(.text)
    etharp_find_addr                         0x0801996d   Thumb Code   110  etharp.o(.text)
    etharp_request                           0x08019c1f   Thumb Code    36  etharp.o(.text)
    etharp_query                             0x08019cd1   Thumb Code   660  etharp.o(.text)
    etharp_output                            0x08019f65   Thumb Code   388  etharp.o(.text)
    ethernet_input                           0x0801a0e9   Thumb Code   200  etharp.o(.text)
    ethernetif_input                         0x0801a27f   Thumb Code    44  ethernetif.o(.text)
    ethernetif_init                          0x0801a2ab   Thumb Code    56  ethernetif.o(.text)
    udp_demo_set_remoteip                    0x0801a355   Thumb Code   152  udp_demo.o(.text)
    udp_demo_connection_close                0x0801a3ed   Thumb Code    42  udp_demo.o(.text)
    udp_demo_senddata                        0x0801a417   Thumb Code    50  udp_demo.o(.text)
    udp_demo_recv                            0x0801a449   Thumb Code   188  udp_demo.o(.text)
    udp_demo_test                            0x0801a505   Thumb Code   424  udp_demo.o(.text)
    icmp_input                               0x0801a7c5   Thumb Code   506  icmp.o(.text)
    icmp_dest_unreach                        0x0801aa47   Thumb Code    18  icmp.o(.text)
    icmp_time_exceeded                       0x0801aa59   Thumb Code    18  icmp.o(.text)
    inet_chksum_pseudo                       0x0801ac3f   Thumb Code   162  inet_chksum.o(.text)
    inet_chksum_pseudo_partial               0x0801ace1   Thumb Code   210  inet_chksum.o(.text)
    inet_chksum                              0x0801adb3   Thumb Code    20  inet_chksum.o(.text)
    inet_chksum_pbuf                         0x0801adc7   Thumb Code    86  inet_chksum.o(.text)
    ip_route                                 0x0801ae85   Thumb Code    76  ip.o(.text)
    ip_input                                 0x0801aed1   Thumb Code   440  ip.o(.text)
    ip_output_if                             0x0801b089   Thumb Code   306  ip.o(.text)
    ip_output                                0x0801b1bb   Thumb Code    80  ip.o(.text)
    ip4_addr_isbroadcast                     0x0801b2b9   Thumb Code    78  ip_addr.o(.text)
    ip4_addr_netmask_valid                   0x0801b307   Thumb Code    56  ip_addr.o(.text)
    ipaddr_aton                              0x0801b33f   Thumb Code   364  ip_addr.o(.text)
    ipaddr_addr                              0x0801b4ab   Thumb Code    24  ip_addr.o(.text)
    ipaddr_ntoa_r                            0x0801b4c3   Thumb Code   168  ip_addr.o(.text)
    ipaddr_ntoa                              0x0801b56b   Thumb Code    16  ip_addr.o(.text)
    ip_reass_tmr                             0x0801b735   Thumb Code    48  ip_frag.o(.text)
    ip_reass                                 0x0801bb75   Thumb Code   386  ip_frag.o(.text)
    ip_frag                                  0x0801bd7d   Thumb Code   618  ip_frag.o(.text)
    __use_no_semihosting                     0x0801bfe7   Thumb Code     2  use_no_semi_2.o(.text)
    __2printf                                0x0801bfe9   Thumb Code    20  noretval__2printf.o(.text)
    __2sprintf                               0x0801c001   Thumb Code    34  noretval__2sprintf.o(.text)
    _printf_pre_padding                      0x0801c029   Thumb Code    44  _printf_pad.o(.text)
    _printf_post_padding                     0x0801c055   Thumb Code    34  _printf_pad.o(.text)
    _printf_str                              0x0801c077   Thumb Code    82  _printf_str.o(.text)
    _printf_int_dec                          0x0801c0c9   Thumb Code   104  _printf_dec.o(.text)
    _printf_int_hex                          0x0801c141   Thumb Code    84  _printf_hex_int.o(.text)
    _printf_longlong_hex                     0x0801c141   Thumb Code     0  _printf_hex_int.o(.text)
    __printf                                 0x0801c199   Thumb Code   308  __printf_flags_wp.o(.text)
    strchr                                   0x0801c2d1   Thumb Code    20  strchr.o(.text)
    strstr                                   0x0801c2e5   Thumb Code    36  strstr.o(.text)
    memcmp                                   0x0801c309   Thumb Code    88  memcmp.o(.text)
    strlen                                   0x0801c361   Thumb Code    62  strlen.o(.text)
    strncmp                                  0x0801c39f   Thumb Code   150  strncmp.o(.text)
    __aeabi_memcpy                           0x0801c435   Thumb Code     0  rt_memcpy_v6.o(.text)
    __rt_memcpy                              0x0801c435   Thumb Code   138  rt_memcpy_v6.o(.text)
    _memcpy_lastbytes                        0x0801c49b   Thumb Code     0  rt_memcpy_v6.o(.text)
    __aeabi_memcpy4                          0x0801c4bf   Thumb Code     0  rt_memcpy_w.o(.text)
    __aeabi_memcpy8                          0x0801c4bf   Thumb Code     0  rt_memcpy_w.o(.text)
    __rt_memcpy_w                            0x0801c4bf   Thumb Code   100  rt_memcpy_w.o(.text)
    _memcpy_lastbytes_aligned                0x0801c507   Thumb Code     0  rt_memcpy_w.o(.text)
    __aeabi_memclr                           0x0801c523   Thumb Code     0  rt_memclr.o(.text)
    __rt_memclr                              0x0801c523   Thumb Code    68  rt_memclr.o(.text)
    _memset                                  0x0801c527   Thumb Code     0  rt_memclr.o(.text)
    __aeabi_memclr4                          0x0801c567   Thumb Code     0  rt_memclr_w.o(.text)
    __aeabi_memclr8                          0x0801c567   Thumb Code     0  rt_memclr_w.o(.text)
    __rt_memclr_w                            0x0801c567   Thumb Code    78  rt_memclr_w.o(.text)
    _memset_w                                0x0801c56b   Thumb Code     0  rt_memclr_w.o(.text)
    strcmp                                   0x0801c5b5   Thumb Code   128  strcmpv7m.o(.text)
    __use_two_region_memory                  0x0801c635   Thumb Code     2  heapauxi.o(.text)
    __rt_heap_escrow$2region                 0x0801c637   Thumb Code     2  heapauxi.o(.text)
    __rt_heap_expand$2region                 0x0801c639   Thumb Code     2  heapauxi.o(.text)
    __I$use$semihosting                      0x0801c63b   Thumb Code     0  use_no_semi.o(.text)
    __use_no_semihosting_swi                 0x0801c63b   Thumb Code     2  use_no_semi.o(.text)
    __read_errno                             0x0801c63d   Thumb Code    10  _rserrno.o(.text)
    __set_errno                              0x0801c647   Thumb Code    12  _rserrno.o(.text)
    _printf_int_common                       0x0801c653   Thumb Code   178  _printf_intcommon.o(.text)
    _printf_char_common                      0x0801c70f   Thumb Code    32  _printf_char_common.o(.text)
    _sputc                                   0x0801c735   Thumb Code    10  _sputc.o(.text)
    _printf_cs_common                        0x0801c73f   Thumb Code    20  _printf_char.o(.text)
    _printf_char                             0x0801c753   Thumb Code    16  _printf_char.o(.text)
    _printf_string                           0x0801c763   Thumb Code     8  _printf_char.o(.text)
    _printf_char_file                        0x0801c76d   Thumb Code    32  _printf_char_file.o(.text)
    __aeabi_errno_addr                       0x0801c791   Thumb Code     8  rt_errno_addr_intlibspace.o(.text)
    __errno$intlibspace                      0x0801c791   Thumb Code     0  rt_errno_addr_intlibspace.o(.text)
    __rt_errno_addr$intlibspace              0x0801c791   Thumb Code     0  rt_errno_addr_intlibspace.o(.text)
    ferror                                   0x0801c799   Thumb Code     8  ferror.o(.text)
    __user_libspace                          0x0801c7a1   Thumb Code     8  libspace.o(.text)
    __user_perproc_libspace                  0x0801c7a1   Thumb Code     0  libspace.o(.text)
    __user_perthread_libspace                0x0801c7a1   Thumb Code     0  libspace.o(.text)
    __user_setup_stackheap                   0x0801c7a9   Thumb Code    74  sys_stackheap_outer.o(.text)
    exit                                     0x0801c7f3   Thumb Code    12  exit.o(.text)
    _is_digit                                0x0801c7ff   Thumb Code    14  __printf_wp.o(i._is_digit)
    sqrt                                     0x0801c80d   Thumb Code    76  sqrt.o(i.sqrt)
    __aeabi_dadd                             0x0801c859   Thumb Code     0  daddsub_clz.o(x$fpl$dadd)
    _dadd                                    0x0801c859   Thumb Code   332  daddsub_clz.o(x$fpl$dadd)
    __fpl_dcmp_Inf                           0x0801c9a9   Thumb Code    24  dcmpi.o(x$fpl$dcmpinf)
    __aeabi_ddiv                             0x0801c9c1   Thumb Code     0  ddiv.o(x$fpl$ddiv)
    _ddiv                                    0x0801c9c1   Thumb Code   552  ddiv.o(x$fpl$ddiv)
    __aeabi_d2iz                             0x0801cc71   Thumb Code     0  dfix.o(x$fpl$dfix)
    _dfix                                    0x0801cc71   Thumb Code    94  dfix.o(x$fpl$dfix)
    __aeabi_d2uiz                            0x0801ccd1   Thumb Code     0  dfixu.o(x$fpl$dfixu)
    _dfixu                                   0x0801ccd1   Thumb Code    90  dfixu.o(x$fpl$dfixu)
    __aeabi_i2d                              0x0801cd2b   Thumb Code     0  dflt_clz.o(x$fpl$dflt)
    _dflt                                    0x0801cd2b   Thumb Code    46  dflt_clz.o(x$fpl$dflt)
    __aeabi_ui2d                             0x0801cd59   Thumb Code     0  dflt_clz.o(x$fpl$dfltu)
    _dfltu                                   0x0801cd59   Thumb Code    38  dflt_clz.o(x$fpl$dfltu)
    __aeabi_cdcmple                          0x0801cd81   Thumb Code     0  dleqf.o(x$fpl$dleqf)
    _dcmple                                  0x0801cd81   Thumb Code   120  dleqf.o(x$fpl$dleqf)
    __fpl_dcmple_InfNaN                      0x0801cde3   Thumb Code     0  dleqf.o(x$fpl$dleqf)
    __aeabi_dmul                             0x0801cdf9   Thumb Code     0  dmul.o(x$fpl$dmul)
    _dmul                                    0x0801cdf9   Thumb Code   332  dmul.o(x$fpl$dmul)
    __fpl_dnaninf                            0x0801cf4d   Thumb Code   156  dnaninf.o(x$fpl$dnaninf)
    __fpl_dretinf                            0x0801cfe9   Thumb Code    12  dretinf.o(x$fpl$dretinf)
    __aeabi_cdrcmple                         0x0801cff5   Thumb Code     0  drleqf.o(x$fpl$drleqf)
    _drcmple                                 0x0801cff5   Thumb Code   108  drleqf.o(x$fpl$drleqf)
    __aeabi_drsub                            0x0801d061   Thumb Code     0  daddsub_clz.o(x$fpl$drsb)
    _drsb                                    0x0801d061   Thumb Code    22  daddsub_clz.o(x$fpl$drsb)
    _dsqrt                                   0x0801d079   Thumb Code   456  dsqrt_noumaal.o(x$fpl$dsqrt)
    __aeabi_dsub                             0x0801d245   Thumb Code     0  daddsub_clz.o(x$fpl$dsub)
    _dsub                                    0x0801d245   Thumb Code   464  daddsub_clz.o(x$fpl$dsub)
    __aeabi_f2d                              0x0801d419   Thumb Code     0  f2d.o(x$fpl$f2d)
    _f2d                                     0x0801d419   Thumb Code    86  f2d.o(x$fpl$f2d)
    __aeabi_fadd                             0x0801d471   Thumb Code     0  faddsub_clz.o(x$fpl$fadd)
    _fadd                                    0x0801d471   Thumb Code   196  faddsub_clz.o(x$fpl$fadd)
    __aeabi_fdiv                             0x0801d535   Thumb Code     0  fdiv.o(x$fpl$fdiv)
    _fdiv                                    0x0801d535   Thumb Code   384  fdiv.o(x$fpl$fdiv)
    __aeabi_f2iz                             0x0801d6b9   Thumb Code     0  ffix.o(x$fpl$ffix)
    _ffix                                    0x0801d6b9   Thumb Code    54  ffix.o(x$fpl$ffix)
    __aeabi_f2uiz                            0x0801d6f1   Thumb Code     0  ffixu.o(x$fpl$ffixu)
    _ffixu                                   0x0801d6f1   Thumb Code    62  ffixu.o(x$fpl$ffixu)
    __aeabi_i2f                              0x0801d731   Thumb Code     0  fflt_clz.o(x$fpl$fflt)
    _fflt                                    0x0801d731   Thumb Code    48  fflt_clz.o(x$fpl$fflt)
    __aeabi_ui2f                             0x0801d761   Thumb Code     0  fflt_clz.o(x$fpl$ffltu)
    _ffltu                                   0x0801d761   Thumb Code    38  fflt_clz.o(x$fpl$ffltu)
    __aeabi_fmul                             0x0801d789   Thumb Code     0  fmul.o(x$fpl$fmul)
    _fmul                                    0x0801d789   Thumb Code   258  fmul.o(x$fpl$fmul)
    __fpl_fnaninf                            0x0801d88b   Thumb Code   140  fnaninf.o(x$fpl$fnaninf)
    __fpl_fretinf                            0x0801d917   Thumb Code    10  fretinf.o(x$fpl$fretinf)
    __aeabi_fsub                             0x0801d921   Thumb Code     0  faddsub_clz.o(x$fpl$fsub)
    _fsub                                    0x0801d921   Thumb Code   234  faddsub_clz.o(x$fpl$fsub)
    __I$use$fp                               0x0801da0a   Number         0  usenofp.o(x$fpl$usenofp)
    asc2_1206                                0x0801da0a   Data        1140  lcd.o(.constdata)
    asc2_1608                                0x0801de7e   Data        1520  lcd.o(.constdata)
    asc2_2412                                0x0801e46e   Data        3420  lcd.o(.constdata)
    TP_REMIND_MSG_TBL                        0x0801f1cc   Data           4  touch.o(.constdata)
    OTT_TPX_TBL                              0x0801f1d0   Data          10  ott2001a.o(.constdata)
    FT5206_TPX_TBL                           0x0801f1da   Data          10  ft5206.o(.constdata)
    GT9147_CFG_TBL                           0x0801f1e4   Data         184  gt9147.o(.constdata)
    GT9147_TPX_TBL                           0x0801f29c   Data          10  gt9147.o(.constdata)
    table_week                               0x0801f2a6   Data          12  rtc.o(.constdata)
    mon_table                                0x0801f2b2   Data          12  rtc.o(.constdata)
    memtblsize                               0x0801f2c0   Data           8  malloc.o(.constdata)
    memblksize                               0x0801f2c8   Data           8  malloc.o(.constdata)
    memsize                                  0x0801f2d0   Data           8  malloc.o(.constdata)
    OSUnMapTbl                               0x0801f2d8   Data         256  os_core.o(.constdata)
    file__image_head_jpg                     0x080386d0   Data          20  fs.o(.constdata)
    file__image_stm32_jpg                    0x080386e4   Data          20  fs.o(.constdata)
    file__image_tab_jpg                      0x080386f8   Data          20  fs.o(.constdata)
    file__404_html                           0x0803870c   Data          20  fs.o(.constdata)
    file__index_html                         0x08038720   Data          20  fs.o(.constdata)
    file__STM32_ADC_TEMPERATE_shtml          0x08038734   Data          20  fs.o(.constdata)
    file__STM32_LED_OFF_BEEP_OFF_shtml       0x08038748   Data          20  fs.o(.constdata)
    file__STM32_LED_OFF_BEEP_ON_shtml        0x0803875c   Data          20  fs.o(.constdata)
    file__STM32_LED_ON_BEEP_OFF_shtml        0x08038770   Data          20  fs.o(.constdata)
    file__STM32_LED_ON_BEEP_ON_shtml         0x08038784   Data          20  fs.o(.constdata)
    file__STM32_RTC_shtml                    0x08038798   Data          20  fs.o(.constdata)
    g_psDefaultFilenames                     0x080387ac   Data          40  httpd.o(.constdata)
    g_pcTagLeadIn                            0x080387d4   Data           4  httpd.o(.constdata)
    g_pcTagLeadOut                           0x080387d8   Data           4  httpd.o(.constdata)
    tcp_state_str                            0x08038814   Data          44  tcp.o(.constdata)
    tcp_backoff                              0x08038840   Data          13  tcp.o(.constdata)
    tcp_persist_backoff                      0x0803884d   Data           7  tcp.o(.constdata)
    tcp_pcb_lists                            0x08038854   Data          16  tcp.o(.constdata)
    ethbroadcast                             0x08038864   Data           6  etharp.o(.constdata)
    ethzero                                  0x0803886a   Data           6  etharp.o(.constdata)
    ip_addr_any                              0x08038870   Data           4  ip_addr.o(.constdata)
    ip_addr_broadcast                        0x08038874   Data           4  ip_addr.o(.constdata)
    Region$$Table$$Base                      0x08038be4   Number         0  anon$$obj.o(Region$$Table)
    Region$$Table$$Limit                     0x08038c04   Number         0  anon$$obj.o(Region$$Table)
    msg_key                                  0x20000000   Data           4  main.o(.data)
    q_msg                                    0x20000004   Data           4  main.o(.data)
    tmr1                                     0x20000008   Data           4  main.o(.data)
    tmr2                                     0x2000000c   Data           4  main.o(.data)
    tmr3                                     0x20000010   Data           4  main.o(.data)
    flags_key                                0x20000014   Data           4  main.o(.data)
    SystemCoreClock                          0x20000020   Data           4  system_stm32f10x.o(.data)
    AHBPrescTable                            0x20000024   Data          16  system_stm32f10x.o(.data)
    POINT_COLOR                              0x20000036   Data           2  lcd.o(.data)
    BACK_COLOR                               0x20000038   Data           2  lcd.o(.data)
    tp_dev                                   0x2000003c   Data          52  touch.o(.data)
    CMD_RDX                                  0x20000070   Data           1  touch.o(.data)
    CMD_RDY                                  0x20000071   Data           1  touch.o(.data)
    tpad_default_val                         0x20000076   Data           2  tpad.o(.data)
    __stdout                                 0x20000080   Data           4  usart.o(.data)
    USART_RX_STA                             0x20000084   Data           2  usart.o(.data)
    mallco_dev                               0x20000088   Data          28  malloc.o(.data)
    OSCtxSwCtr                               0x200000b8   Data           4  os_core.o(.data)
    OSEventFreeList                          0x200000bc   Data           4  os_core.o(.data)
    OSFlagFreeList                           0x200000c0   Data           4  os_core.o(.data)
    OSCPUUsage                               0x200000c4   Data           1  os_core.o(.data)
    OSIdleCtrMax                             0x200000c8   Data           4  os_core.o(.data)
    OSIdleCtrRun                             0x200000cc   Data           4  os_core.o(.data)
    OSStatRdy                                0x200000d0   Data           1  os_core.o(.data)
    OSIntNesting                             0x200000d1   Data           1  os_core.o(.data)
    OSLockNesting                            0x200000d2   Data           1  os_core.o(.data)
    OSPrioCur                                0x200000d3   Data           1  os_core.o(.data)
    OSPrioHighRdy                            0x200000d4   Data           1  os_core.o(.data)
    OSRdyGrp                                 0x200000d5   Data           1  os_core.o(.data)
    OSRdyTbl                                 0x200000d6   Data           8  os_core.o(.data)
    OSRunning                                0x200000de   Data           1  os_core.o(.data)
    OSTaskCtr                                0x200000df   Data           1  os_core.o(.data)
    OSIdleCtr                                0x200000e0   Data           4  os_core.o(.data)
    OSTCBCur                                 0x200000e4   Data           4  os_core.o(.data)
    OSTCBFreeList                            0x200000e8   Data           4  os_core.o(.data)
    OSTCBHighRdy                             0x200000ec   Data           4  os_core.o(.data)
    OSTCBList                                0x200000f0   Data           4  os_core.o(.data)
    OSTickStepState                          0x200000f4   Data           1  os_core.o(.data)
    OSQFreeList                              0x200000f8   Data           4  os_core.o(.data)
    OSTime                                   0x200000fc   Data           4  os_core.o(.data)
    OSTmrFree                                0x20000100   Data           2  os_core.o(.data)
    OSTmrUsed                                0x20000102   Data           2  os_core.o(.data)
    OSTmrTime                                0x20000104   Data           4  os_core.o(.data)
    OSTmrSem                                 0x20000108   Data           4  os_core.o(.data)
    OSTmrSemSignal                           0x2000010c   Data           4  os_core.o(.data)
    OSTmrFreeList                            0x20000110   Data           4  os_core.o(.data)
    OSInterrputSum                           0x20000114   Data           4  os_cpu_c.o(.data)
    TCPTimer                                 0x2000011c   Data           4  lwip_comm.o(.data)
    ARPTimer                                 0x20000120   Data           4  lwip_comm.o(.data)
    lwip_localtime                           0x20000124   Data           4  lwip_comm.o(.data)
    DHCPfineTimer                            0x20000128   Data           4  lwip_comm.o(.data)
    DHCPcoarseTimer                          0x2000012c   Data           4  lwip_comm.o(.data)
    tcp_server_sendbuf                       0x20000130   Data           4  tcp_server_demo.o(.data)
    tcp_server_flag                          0x20000134   Data           1  tcp_server_demo.o(.data)
    tcp_client_sendbuf                       0x20000138   Data           4  tcp_client_demo.o(.data)
    tcp_client_flag                          0x2000013c   Data           1  tcp_client_demo.o(.data)
    g_pcSSIExtensions                        0x20000140   Data          16  httpd.o(.data)
    g_pfnSSIHandler                          0x20000150   Data           4  httpd.o(.data)
    g_iNumTags                               0x20000154   Data           4  httpd.o(.data)
    g_ppcTags                                0x20000158   Data           4  httpd.o(.data)
    g_pCGIs                                  0x2000015c   Data           4  httpd.o(.data)
    g_iNumCGIs                               0x20000160   Data           4  httpd.o(.data)
    ram_heap                                 0x20000178   Data           4  mem.o(.data)
    memp_memory                              0x20000188   Data           4  memp.o(.data)
    netif_list                               0x2000018c   Data           4  netif.o(.data)
    netif_default                            0x20000190   Data           4  netif.o(.data)
    tcp_ticks                                0x200001a0   Data           4  tcp.o(.data)
    tcp_bound_pcbs                           0x200001a4   Data           4  tcp.o(.data)
    tcp_listen_pcbs                          0x200001a8   Data           4  tcp.o(.data)
    tcp_active_pcbs                          0x200001ac   Data           4  tcp.o(.data)
    tcp_tw_pcbs                              0x200001b0   Data           4  tcp.o(.data)
    tcp_tmp_pcb                              0x200001b4   Data           4  tcp.o(.data)
    tcp_active_pcbs_changed                  0x200001b8   Data           1  tcp.o(.data)
    tcp_input_pcb                            0x200001dc   Data           4  tcp_in.o(.data)
    udp_pcbs                                 0x200001f0   Data           4  udp.o(.data)
    tcp_demo_sendbuf                         0x200001f8   Data           4  udp_demo.o(.data)
    udp_demo_flag                            0x200001fc   Data           1  udp_demo.o(.data)
    current_netif                            0x20000200   Data           4  ip.o(.data)
    current_header                           0x20000204   Data           4  ip.o(.data)
    current_iphdr_src                        0x20000208   Data           4  ip.o(.data)
    current_iphdr_dest                       0x2000020c   Data           4  ip.o(.data)
    START_TASK_STK                           0x2000021c   Data         256  main.o(.bss)
    UART_TASK_STK                            0x2000031c   Data        1024  main.o(.bss)
    LED_TASK_STK                             0x2000071c   Data        2048  main.o(.bss)
    TOUCH_TASK_STK                           0x20000f1c   Data         512  main.o(.bss)
    QMSGSHOW_TASK_STK                        0x2000111c   Data         512  main.o(.bss)
    MAIN_TASK_STK                            0x2000131c   Data         512  main.o(.bss)
    FLAGS_TASK_STK                           0x2000151c   Data         512  main.o(.bss)
    KEY_TASK_STK                             0x2000171c   Data         512  main.o(.bss)
    MsgGrp                                   0x2000191c   Data        1024  main.o(.bss)
    lcddev                                   0x20001d1c   Data          14  lcd.o(.bss)
    dm9000cfg                                0x20001d2a   Data          18  dm9000.o(.bss)
    calendar                                 0x20001d3c   Data          10  rtc.o(.bss)
    USART_RX_BUF                             0x20001d46   Data         200  usart.o(.bss)
    user_rx_cmd                              0x20001e0e   Data         200  usart.o(.bss)
    mem1base                                 0x20001ee0   Data       40960  malloc.o(.bss)
    mem1mapbase                              0x2000bee0   Data        2560  malloc.o(.bss)
    OSEventTbl                               0x2000c8e0   Data         200  os_core.o(.bss)
    OSFlagTbl                                0x2000c9a8   Data          80  os_core.o(.bss)
    OSTaskStatStk                            0x2000c9f8   Data         512  os_core.o(.bss)
    OSTaskIdleStk                            0x2000cbf8   Data         512  os_core.o(.bss)
    OSTCBPrioTbl                             0x2000cdf8   Data         256  os_core.o(.bss)
    OSTCBTbl                                 0x2000cef8   Data        1008  os_core.o(.bss)
    OSQTbl                                   0x2000d2e8   Data         120  os_core.o(.bss)
    OSTmrTbl                                 0x2000d360   Data         640  os_core.o(.bss)
    OSTmrTaskStk                             0x2000d5e0   Data         512  os_core.o(.bss)
    OSTmrWheelTbl                            0x2000d7e0   Data          64  os_core.o(.bss)
    lwipdev                                  0x2000d820   Data          23  lwip_comm.o(.bss)
    lwip_netif                               0x2000d838   Data          52  lwip_comm.o(.bss)
    tcp_server_recvbuf                       0x2000d86c   Data        2000  tcp_server_demo.o(.bss)
    tcp_client_recvbuf                       0x2000e03c   Data        1500  tcp_client_demo.o(.bss)
    fs_memory                                0x2000e618   Data         240  fs.o(.bss)
    dhcp_rx_options_val                      0x2000eb08   Data          40  dhcp.o(.bss)
    dhcp_rx_options_given                    0x2000eb30   Data          10  dhcp.o(.bss)
    udp_demo_recvbuf                         0x2000ec3c   Data        2000  udp_demo.o(.bss)
    __libspace_start                         0x2000f41c   Data          96  libspace.o(.bss)
    __temporary_stack_top$libspace           0x2000f47c   Data           0  libspace.o(.bss)
    mem2base                                 0x68000000   Data       983040  malloc.o(.ARM.__AT_0x68000000)
    mem2mapbase                              0x680f0000   Data       61440  malloc.o(.ARM.__AT_0x680F0000)



==============================================================================

Memory Map of the image

  Image Entry point : 0x08000131

  Load Region LR_IROM1 (Base: 0x08000000, Size: 0x00038e20, Max: 0x00080000, ABSOLUTE, COMPRESSED[0x00038c80])

    Execution Region ER_IROM1 (Base: 0x08000000, Size: 0x00038c04, Max: 0x00080000, ABSOLUTE)

    Base Addr    Size         Type   Attr      Idx    E Section Name        Object

    0x08000000   0x00000130   Data   RO          725    RESET               startup_stm32f10x_hd.o
    0x08000130   0x00000008   Code   RO         2035  * !!!main             c_w.l(__main.o)
    0x08000138   0x00000034   Code   RO         2294    !!!scatter          c_w.l(__scatter.o)
    0x0800016c   0x0000005a   Code   RO         2292    !!dczerorl2         c_w.l(__dczerorl2.o)
    0x080001c6   0x00000002   PAD
    0x080001c8   0x0000001c   Code   RO         2296    !!handler_zi        c_w.l(__scatter_zi.o)
    0x080001e4   0x00000000   Code   RO         2012    .ARM.Collect$$_printf_percent$$00000000  c_w.l(_printf_percent.o)
    0x080001e4   0x00000006   Code   RO         2011    .ARM.Collect$$_printf_percent$$00000009  c_w.l(_printf_d.o)
    0x080001ea   0x00000006   Code   RO         2010    .ARM.Collect$$_printf_percent$$0000000C  c_w.l(_printf_x.o)
    0x080001f0   0x00000006   Code   RO         2009    .ARM.Collect$$_printf_percent$$00000014  c_w.l(_printf_s.o)
    0x080001f6   0x00000004   Code   RO         2118    .ARM.Collect$$_printf_percent$$00000017  c_w.l(_printf_percent_end.o)
    0x080001fa   0x00000002   Code   RO         2170    .ARM.Collect$$libinit$$00000000  c_w.l(libinit.o)
    0x080001fc   0x00000000   Code   RO         2174    .ARM.Collect$$libinit$$00000002  c_w.l(libinit2.o)
    0x080001fc   0x00000000   Code   RO         2176    .ARM.Collect$$libinit$$00000004  c_w.l(libinit2.o)
    0x080001fc   0x00000000   Code   RO         2179    .ARM.Collect$$libinit$$0000000A  c_w.l(libinit2.o)
    0x080001fc   0x00000000   Code   RO         2181    .ARM.Collect$$libinit$$0000000C  c_w.l(libinit2.o)
    0x080001fc   0x00000000   Code   RO         2183    .ARM.Collect$$libinit$$0000000E  c_w.l(libinit2.o)
    0x080001fc   0x00000000   Code   RO         2186    .ARM.Collect$$libinit$$00000011  c_w.l(libinit2.o)
    0x080001fc   0x00000000   Code   RO         2188    .ARM.Collect$$libinit$$00000013  c_w.l(libinit2.o)
    0x080001fc   0x00000000   Code   RO         2190    .ARM.Collect$$libinit$$00000015  c_w.l(libinit2.o)
    0x080001fc   0x00000000   Code   RO         2192    .ARM.Collect$$libinit$$00000017  c_w.l(libinit2.o)
    0x080001fc   0x00000000   Code   RO         2194    .ARM.Collect$$libinit$$00000019  c_w.l(libinit2.o)
    0x080001fc   0x00000000   Code   RO         2196    .ARM.Collect$$libinit$$0000001B  c_w.l(libinit2.o)
    0x080001fc   0x00000000   Code   RO         2198    .ARM.Collect$$libinit$$0000001D  c_w.l(libinit2.o)
    0x080001fc   0x00000000   Code   RO         2200    .ARM.Collect$$libinit$$0000001F  c_w.l(libinit2.o)
    0x080001fc   0x00000000   Code   RO         2202    .ARM.Collect$$libinit$$00000021  c_w.l(libinit2.o)
    0x080001fc   0x00000000   Code   RO         2204    .ARM.Collect$$libinit$$00000023  c_w.l(libinit2.o)
    0x080001fc   0x00000000   Code   RO         2206    .ARM.Collect$$libinit$$00000025  c_w.l(libinit2.o)
    0x080001fc   0x00000000   Code   RO         2210    .ARM.Collect$$libinit$$0000002C  c_w.l(libinit2.o)
    0x080001fc   0x00000000   Code   RO         2212    .ARM.Collect$$libinit$$0000002E  c_w.l(libinit2.o)
    0x080001fc   0x00000000   Code   RO         2214    .ARM.Collect$$libinit$$00000030  c_w.l(libinit2.o)
    0x080001fc   0x00000000   Code   RO         2216    .ARM.Collect$$libinit$$00000032  c_w.l(libinit2.o)
    0x080001fc   0x00000002   Code   RO         2217    .ARM.Collect$$libinit$$00000033  c_w.l(libinit2.o)
    0x080001fe   0x00000002   Code   RO         2235    .ARM.Collect$$libshutdown$$00000000  c_w.l(libshutdown.o)
    0x08000200   0x00000000   Code   RO         2246    .ARM.Collect$$libshutdown$$00000003  c_w.l(libshutdown2.o)
    0x08000200   0x00000000   Code   RO         2249    .ARM.Collect$$libshutdown$$00000006  c_w.l(libshutdown2.o)
    0x08000200   0x00000000   Code   RO         2252    .ARM.Collect$$libshutdown$$00000009  c_w.l(libshutdown2.o)
    0x08000200   0x00000000   Code   RO         2254    .ARM.Collect$$libshutdown$$0000000B  c_w.l(libshutdown2.o)
    0x08000200   0x00000000   Code   RO         2257    .ARM.Collect$$libshutdown$$0000000E  c_w.l(libshutdown2.o)
    0x08000200   0x00000002   Code   RO         2258    .ARM.Collect$$libshutdown$$0000000F  c_w.l(libshutdown2.o)
    0x08000202   0x00000000   Code   RO         2105    .ARM.Collect$$rtentry$$00000000  c_w.l(__rtentry.o)
    0x08000202   0x00000000   Code   RO         2133    .ARM.Collect$$rtentry$$00000002  c_w.l(__rtentry2.o)
    0x08000202   0x00000006   Code   RO         2145    .ARM.Collect$$rtentry$$00000004  c_w.l(__rtentry4.o)
    0x08000208   0x00000000   Code   RO         2135    .ARM.Collect$$rtentry$$00000009  c_w.l(__rtentry2.o)
    0x08000208   0x00000004   Code   RO         2136    .ARM.Collect$$rtentry$$0000000A  c_w.l(__rtentry2.o)
    0x0800020c   0x00000000   Code   RO         2138    .ARM.Collect$$rtentry$$0000000C  c_w.l(__rtentry2.o)
    0x0800020c   0x00000008   Code   RO         2139    .ARM.Collect$$rtentry$$0000000D  c_w.l(__rtentry2.o)
    0x08000214   0x00000002   Code   RO         2171    .ARM.Collect$$rtexit$$00000000  c_w.l(rtexit.o)
    0x08000216   0x00000000   Code   RO         2219    .ARM.Collect$$rtexit$$00000002  c_w.l(rtexit2.o)
    0x08000216   0x00000004   Code   RO         2220    .ARM.Collect$$rtexit$$00000003  c_w.l(rtexit2.o)
    0x0800021a   0x00000006   Code   RO         2221    .ARM.Collect$$rtexit$$00000004  c_w.l(rtexit2.o)
    0x08000220   0x00000ad4   Code   RO            1    .text               main.o
    0x08000cf4   0x00000016   Code   RO          241    .text               stm32f10x_it.o
    0x08000d0a   0x00000002   PAD
    0x08000d0c   0x000001e0   Code   RO          282    .text               system_stm32f10x.o
    0x08000eec   0x0000004c   Code   RO          300    .text               led.o
    0x08000f38   0x000000fc   Code   RO          312    .text               key.o
    0x08001034   0x00000038   Code   RO          325    .text               beep.o
    0x0800106c   0x00004c16   Code   RO          337    .text               lcd.o
    0x08005c82   0x00000002   PAD
    0x08005c84   0x0000026c   Code   RO          367    .text               myiic.o
    0x08005ef0   0x0000017a   Code   RO          382    .text               24cxx.o
    0x0800606a   0x00000002   PAD
    0x0800606c   0x00000fb4   Code   RO          435    .text               touch.o
    0x08007020   0x00000284   Code   RO          459    .text               ctiic.o
    0x080072a4   0x0000036c   Code   RO          474    .text               ott2001a.o
    0x08007610   0x00000338   Code   RO          490    .text               ft5206.o
    0x08007948   0x00000458   Code   RO          506    .text               gt9147.o
    0x08007da0   0x00000238   Code   RO          522    .text               tpad.o
    0x08007fd8   0x0000083c   Code   RO          540    .text               dm9000.o
    0x08008814   0x00000118   Code   RO          571    .text               sram.o
    0x0800892c   0x00000488   Code   RO          586    .text               rtc.o
    0x08008db4   0x00000084   Code   RO          606    .text               timer.o
    0x08008e38   0x00000188   Code   RO          622    .text               tsensor.o
    0x08008fc0   0x00000130   Code   RO          637    .text               delay.o
    0x080090f0   0x00000294   Code   RO          668    .text               usart.o
    0x08009384   0x0000022c   Code   RO          691    .text               malloc.o
    0x080095b0   0x00000040   Code   RO          726    .text               startup_stm32f10x_hd.o
    0x080095f0   0x000000dc   Code   RO          730    .text               misc.o
    0x080096cc   0x0000060c   Code   RO          742    .text               stm32f10x_fsmc.o
    0x08009cd8   0x0000035c   Code   RO          754    .text               stm32f10x_gpio.o
    0x0800a034   0x000003a4   Code   RO          766    .text               stm32f10x_rcc.o
    0x0800a3d8   0x00000408   Code   RO          792    .text               stm32f10x_usart.o
    0x0800a7e0   0x00000e1a   Code   RO          804    .text               stm32f10x_tim.o
    0x0800b5fa   0x00000002   PAD
    0x0800b5fc   0x0000044e   Code   RO          816    .text               stm32f10x_adc.o
    0x0800ba4a   0x00000002   PAD
    0x0800ba4c   0x000000c4   Code   RO          828    .text               stm32f10x_bkp.o
    0x0800bb10   0x0000011c   Code   RO          912    .text               stm32f10x_exti.o
    0x0800bc2c   0x000000cc   Code   RO          960    .text               stm32f10x_pwr.o
    0x0800bcf8   0x00000148   Code   RO          972    .text               stm32f10x_rtc.o
    0x0800be40   0x00000894   Code   RO         1008    .text               os_core.o
    0x0800c6d4   0x0000080c   Code   RO         1028    .text               os_flag.o
    0x0800cee0   0x000003cc   Code   RO         1040    .text               os_mbox.o
    0x0800d2ac   0x000005e8   Code   RO         1070    .text               os_q.o
    0x0800d894   0x0000038c   Code   RO         1082    .text               os_sem.o
    0x0800dc20   0x000007c4   Code   RO         1094    .text               os_task.o
    0x0800e3e4   0x000001b0   Code   RO         1106    .text               os_time.o
    0x0800e594   0x00000634   Code   RO         1118    .text               os_tmr.o
    0x0800ebc8   0x000000b4   Code   RO         1130    .text               os_cpu_a.o
    0x0800ec7c   0x000000d4   Code   RO         1133    .text               os_cpu_c.o
    0x0800ed50   0x0000000c   Code   RO         1155    .text               sys_arch.o
    0x0800ed5c   0x00000528   Code   RO         1180    .text               lwip_comm.o
    0x0800f284   0x000005c0   Code   RO         1254    .text               tcp_server_demo.o
    0x0800f844   0x0000061c   Code   RO         1296    .text               tcp_client_demo.o
    0x0800fe60   0x00000108   Code   RO         1316    .text               fs.o
    0x0800ff68   0x00001200   Code   RO         1341    .text               httpd.o
    0x08011168   0x000004bc   Code   RO         1365    .text               httpd_cgi_ssi.o
    0x08011624   0x0000003e   Code   RO         1439    .text               def.o
    0x08011662   0x00000002   PAD
    0x08011664   0x000018e4   Code   RO         1451    .text               dhcp.o
    0x08012f48   0x0000001c   Code   RO         1495    .text               init.o
    0x08012f64   0x000006a4   Code   RO         1541    .text               mem.o
    0x08013608   0x000001b4   Code   RO         1556    .text               memp.o
    0x080137bc   0x00000300   Code   RO         1585    .text               netif.o
    0x08013abc   0x0000103c   Code   RO         1607    .text               pbuf.o
    0x08014af8   0x0000023c   Code   RO         1622    .text               raw.o
    0x08014d34   0x00001418   Code   RO         1642    .text               tcp.o
    0x0801614c   0x000017da   Code   RO         1669    .text               tcp_in.o
    0x08017926   0x00000002   PAD
    0x08017928   0x00001250   Code   RO         1695    .text               tcp_out.o
    0x08018b78   0x00000310   Code   RO         1708    .text               timers.o
    0x08018e88   0x000005d0   Code   RO         1725    .text               udp.o
    0x08019458   0x00000dc0   Code   RO         1754    .text               etharp.o
    0x0801a218   0x0000013c   Code   RO         1775    .text               ethernetif.o
    0x0801a354   0x00000470   Code   RO         1807    .text               udp_demo.o
    0x0801a7c4   0x0000041c   Code   RO         1844    .text               icmp.o
    0x0801abe0   0x000002a4   Code   RO         1875    .text               inet_chksum.o
    0x0801ae84   0x00000434   Code   RO         1890    .text               ip.o
    0x0801b2b8   0x0000032c   Code   RO         1911    .text               ip_addr.o
    0x0801b5e4   0x00000a02   Code   RO         1934    .text               ip_frag.o
    0x0801bfe6   0x00000002   Code   RO         1950    .text               c_w.l(use_no_semi_2.o)
    0x0801bfe8   0x00000018   Code   RO         1956    .text               c_w.l(noretval__2printf.o)
    0x0801c000   0x00000028   Code   RO         1958    .text               c_w.l(noretval__2sprintf.o)
    0x0801c028   0x0000004e   Code   RO         1962    .text               c_w.l(_printf_pad.o)
    0x0801c076   0x00000052   Code   RO         1964    .text               c_w.l(_printf_str.o)
    0x0801c0c8   0x00000078   Code   RO         1966    .text               c_w.l(_printf_dec.o)
    0x0801c140   0x00000058   Code   RO         1971    .text               c_w.l(_printf_hex_int.o)
    0x0801c198   0x00000138   Code   RO         2001    .text               c_w.l(__printf_flags_wp.o)
    0x0801c2d0   0x00000014   Code   RO         2013    .text               c_w.l(strchr.o)
    0x0801c2e4   0x00000024   Code   RO         2015    .text               c_w.l(strstr.o)
    0x0801c308   0x00000058   Code   RO         2017    .text               c_w.l(memcmp.o)
    0x0801c360   0x0000003e   Code   RO         2019    .text               c_w.l(strlen.o)
    0x0801c39e   0x00000096   Code   RO         2021    .text               c_w.l(strncmp.o)
    0x0801c434   0x0000008a   Code   RO         2023    .text               c_w.l(rt_memcpy_v6.o)
    0x0801c4be   0x00000064   Code   RO         2025    .text               c_w.l(rt_memcpy_w.o)
    0x0801c522   0x00000044   Code   RO         2027    .text               c_w.l(rt_memclr.o)
    0x0801c566   0x0000004e   Code   RO         2029    .text               c_w.l(rt_memclr_w.o)
    0x0801c5b4   0x00000080   Code   RO         2031    .text               c_w.l(strcmpv7m.o)
    0x0801c634   0x00000006   Code   RO         2033    .text               c_w.l(heapauxi.o)
    0x0801c63a   0x00000002   Code   RO         2103    .text               c_w.l(use_no_semi.o)
    0x0801c63c   0x00000016   Code   RO         2106    .text               c_w.l(_rserrno.o)
    0x0801c652   0x000000b2   Code   RO         2108    .text               c_w.l(_printf_intcommon.o)
    0x0801c704   0x00000030   Code   RO         2110    .text               c_w.l(_printf_char_common.o)
    0x0801c734   0x0000000a   Code   RO         2112    .text               c_w.l(_sputc.o)
    0x0801c73e   0x0000002c   Code   RO         2114    .text               c_w.l(_printf_char.o)
    0x0801c76a   0x00000002   PAD
    0x0801c76c   0x00000024   Code   RO         2116    .text               c_w.l(_printf_char_file.o)
    0x0801c790   0x00000008   Code   RO         2150    .text               c_w.l(rt_errno_addr_intlibspace.o)
    0x0801c798   0x00000008   Code   RO         2154    .text               c_w.l(ferror.o)
    0x0801c7a0   0x00000008   Code   RO         2158    .text               c_w.l(libspace.o)
    0x0801c7a8   0x0000004a   Code   RO         2161    .text               c_w.l(sys_stackheap_outer.o)
    0x0801c7f2   0x0000000c   Code   RO         2163    .text               c_w.l(exit.o)
    0x0801c7fe   0x0000000e   Code   RO         1999    i._is_digit         c_w.l(__printf_wp.o)
    0x0801c80c   0x0000004c   Code   RO         2096    i.sqrt              m_ws.l(sqrt.o)
    0x0801c858   0x00000150   Code   RO         2037    x$fpl$dadd          fz_ws.l(daddsub_clz.o)
    0x0801c9a8   0x00000018   Code   RO         2119    x$fpl$dcmpinf       fz_ws.l(dcmpi.o)
    0x0801c9c0   0x000002b0   Code   RO         2044    x$fpl$ddiv          fz_ws.l(ddiv.o)
    0x0801cc70   0x0000005e   Code   RO         2047    x$fpl$dfix          fz_ws.l(dfix.o)
    0x0801ccce   0x00000002   PAD
    0x0801ccd0   0x0000005a   Code   RO         2051    x$fpl$dfixu         fz_ws.l(dfixu.o)
    0x0801cd2a   0x0000002e   Code   RO         2056    x$fpl$dflt          fz_ws.l(dflt_clz.o)
    0x0801cd58   0x00000026   Code   RO         2055    x$fpl$dfltu         fz_ws.l(dflt_clz.o)
    0x0801cd7e   0x00000002   PAD
    0x0801cd80   0x00000078   Code   RO         2061    x$fpl$dleqf         fz_ws.l(dleqf.o)
    0x0801cdf8   0x00000154   Code   RO         2063    x$fpl$dmul          fz_ws.l(dmul.o)
    0x0801cf4c   0x0000009c   Code   RO         2121    x$fpl$dnaninf       fz_ws.l(dnaninf.o)
    0x0801cfe8   0x0000000c   Code   RO         2123    x$fpl$dretinf       fz_ws.l(dretinf.o)
    0x0801cff4   0x0000006c   Code   RO         2065    x$fpl$drleqf        fz_ws.l(drleqf.o)
    0x0801d060   0x00000016   Code   RO         2038    x$fpl$drsb          fz_ws.l(daddsub_clz.o)
    0x0801d076   0x00000002   PAD
    0x0801d078   0x000001cc   Code   RO         2125    x$fpl$dsqrt         fz_ws.l(dsqrt_noumaal.o)
    0x0801d244   0x000001d4   Code   RO         2039    x$fpl$dsub          fz_ws.l(daddsub_clz.o)
    0x0801d418   0x00000056   Code   RO         2067    x$fpl$f2d           fz_ws.l(f2d.o)
    0x0801d46e   0x00000002   PAD
    0x0801d470   0x000000c4   Code   RO         2069    x$fpl$fadd          fz_ws.l(faddsub_clz.o)
    0x0801d534   0x00000184   Code   RO         2076    x$fpl$fdiv          fz_ws.l(fdiv.o)
    0x0801d6b8   0x00000036   Code   RO         2079    x$fpl$ffix          fz_ws.l(ffix.o)
    0x0801d6ee   0x00000002   PAD
    0x0801d6f0   0x0000003e   Code   RO         2083    x$fpl$ffixu         fz_ws.l(ffixu.o)
    0x0801d72e   0x00000002   PAD
    0x0801d730   0x00000030   Code   RO         2088    x$fpl$fflt          fz_ws.l(fflt_clz.o)
    0x0801d760   0x00000026   Code   RO         2087    x$fpl$ffltu         fz_ws.l(fflt_clz.o)
    0x0801d786   0x00000002   PAD
    0x0801d788   0x00000102   Code   RO         2093    x$fpl$fmul          fz_ws.l(fmul.o)
    0x0801d88a   0x0000008c   Code   RO         2127    x$fpl$fnaninf       fz_ws.l(fnaninf.o)
    0x0801d916   0x0000000a   Code   RO         2129    x$fpl$fretinf       fz_ws.l(fretinf.o)
    0x0801d920   0x000000ea   Code   RO         2071    x$fpl$fsub          fz_ws.l(faddsub_clz.o)
    0x0801da0a   0x00000000   Code   RO         2131    x$fpl$usenofp       fz_ws.l(usenofp.o)
    0x0801da0a   0x000017c0   Data   RO          339    .constdata          lcd.o
    0x0801f1ca   0x00000002   PAD
    0x0801f1cc   0x00000004   Data   RO          436    .constdata          touch.o
    0x0801f1d0   0x0000000a   Data   RO          475    .constdata          ott2001a.o
    0x0801f1da   0x0000000a   Data   RO          491    .constdata          ft5206.o
    0x0801f1e4   0x000000c2   Data   RO          507    .constdata          gt9147.o
    0x0801f2a6   0x00000018   Data   RO          588    .constdata          rtc.o
    0x0801f2be   0x00000002   PAD
    0x0801f2c0   0x00000018   Data   RO          695    .constdata          malloc.o
    0x0801f2d8   0x00000100   Data   RO         1010    .constdata          os_core.o
    0x0801f3d8   0x000193d4   Data   RO         1318    .constdata          fs.o
    0x080387ac   0x00000030   Data   RO         1343    .constdata          httpd.o
    0x080387dc   0x00000010   Data   RO         1366    .constdata          httpd_cgi_ssi.o
    0x080387ec   0x00000028   Data   RO         1558    .constdata          memp.o
    0x08038814   0x00000050   Data   RO         1643    .constdata          tcp.o
    0x08038864   0x0000000c   Data   RO         1756    .constdata          etharp.o
    0x08038870   0x00000008   Data   RO         1913    .constdata          ip_addr.o
    0x08038878   0x00000028   Data   RO         1972    .constdata          c_w.l(_printf_hex_int.o)
    0x080388a0   0x00000011   Data   RO         2002    .constdata          c_w.l(__printf_flags_wp.o)
    0x080388b1   0x00000003   PAD
    0x080388b4   0x00000079   Data   RO          437    .conststring        touch.o
    0x0803892d   0x00000003   PAD
    0x08038930   0x00000029   Data   RO         1256    .conststring        tcp_server_demo.o
    0x08038959   0x00000003   PAD
    0x0803895c   0x00000029   Data   RO         1298    .conststring        tcp_client_demo.o
    0x08038985   0x00000003   PAD
    0x08038988   0x0000006a   Data   RO         1344    .conststring        httpd.o
    0x080389f2   0x00000002   PAD
    0x080389f4   0x00000026   Data   RO         1367    .conststring        httpd_cgi_ssi.o
    0x08038a1a   0x00000002   PAD
    0x08038a1c   0x0000008c   Data   RO         1453    .conststring        dhcp.o
    0x08038aa8   0x00000075   Data   RO         1644    .conststring        tcp.o
    0x08038b1d   0x00000003   PAD
    0x08038b20   0x00000055   Data   RO         1696    .conststring        tcp_out.o
    0x08038b75   0x00000003   PAD
    0x08038b78   0x00000044   Data   RO         1757    .conststring        etharp.o
    0x08038bbc   0x00000027   Data   RO         1809    .conststring        udp_demo.o
    0x08038be3   0x00000001   PAD
    0x08038be4   0x00000020   Data   RO         2290    Region$$Table       anon$$obj.o


    Execution Region RW_IRAM1 (Base: 0x20000000, Size: 0x0000fa80, Max: 0x00010000, ABSOLUTE, COMPRESSED[0x0000007c])

    Base Addr    Size         Type   Attr      Idx    E Section Name        Object

    0x20000000   0x0000001e   Data   RW            3    .data               main.o
    0x2000001e   0x00000002   PAD
    0x20000020   0x00000014   Data   RW          283    .data               system_stm32f10x.o
    0x20000034   0x00000001   Data   RW          313    .data               key.o
    0x20000035   0x00000001   PAD
    0x20000036   0x00000004   Data   RW          340    .data               lcd.o
    0x2000003a   0x00000002   PAD
    0x2000003c   0x00000036   Data   RW          438    .data               touch.o
    0x20000072   0x00000001   Data   RW          476    .data               ott2001a.o
    0x20000073   0x00000001   Data   RW          492    .data               ft5206.o
    0x20000074   0x00000001   Data   RW          508    .data               gt9147.o
    0x20000075   0x00000001   PAD
    0x20000076   0x00000003   Data   RW          523    .data               tpad.o
    0x20000079   0x00000001   PAD
    0x2000007a   0x00000002   Data   RW          589    .data               rtc.o
    0x2000007c   0x00000004   Data   RW          638    .data               delay.o
    0x20000080   0x00000006   Data   RW          670    .data               usart.o
    0x20000086   0x00000002   PAD
    0x20000088   0x0000001c   Data   RW          696    .data               malloc.o
    0x200000a4   0x00000014   Data   RW          767    .data               stm32f10x_rcc.o
    0x200000b8   0x0000005c   Data   RW         1011    .data               os_core.o
    0x20000114   0x00000006   Data   RW         1134    .data               os_cpu_c.o
    0x2000011a   0x00000002   PAD
    0x2000011c   0x00000014   Data   RW         1182    .data               lwip_comm.o
    0x20000130   0x00000005   Data   RW         1257    .data               tcp_server_demo.o
    0x20000135   0x00000003   PAD
    0x20000138   0x00000005   Data   RW         1299    .data               tcp_client_demo.o
    0x2000013d   0x00000003   PAD
    0x20000140   0x00000024   Data   RW         1345    .data               httpd.o
    0x20000164   0x00000010   Data   RW         1368    .data               httpd_cgi_ssi.o
    0x20000174   0x00000004   Data   RW         1454    .data               dhcp.o
    0x20000178   0x00000010   Data   RW         1542    .data               mem.o
    0x20000188   0x00000004   Data   RW         1559    .data               memp.o
    0x2000018c   0x00000009   Data   RW         1586    .data               netif.o
    0x20000195   0x00000003   PAD
    0x20000198   0x00000004   Data   RW         1623    .data               raw.o
    0x2000019c   0x00000024   Data   RW         1645    .data               tcp.o
    0x200001c0   0x00000020   Data   RW         1671    .data               tcp_in.o
    0x200001e0   0x0000000c   Data   RW         1709    .data               timers.o
    0x200001ec   0x00000008   Data   RW         1726    .data               udp.o
    0x200001f4   0x00000001   Data   RW         1758    .data               etharp.o
    0x200001f5   0x00000003   PAD
    0x200001f8   0x00000005   Data   RW         1810    .data               udp_demo.o
    0x200001fd   0x00000003   PAD
    0x20000200   0x00000012   Data   RW         1891    .data               ip.o
    0x20000212   0x00000002   PAD
    0x20000214   0x00000006   Data   RW         1935    .data               ip_frag.o
    0x2000021a   0x00000002   PAD
    0x2000021c   0x00001b00   Zero   RW            2    .bss                main.o
    0x20001d1c   0x0000000e   Zero   RW          338    .bss                lcd.o
    0x20001d2a   0x00000012   Zero   RW          541    .bss                dm9000.o
    0x20001d3c   0x0000000a   Zero   RW          587    .bss                rtc.o
    0x20001d46   0x00000190   Zero   RW          669    .bss                usart.o
    0x20001ed6   0x0000000a   PAD
    0x20001ee0   0x0000aa00   Zero   RW          694    .bss                malloc.o
    0x2000c8e0   0x00000f40   Zero   RW         1009    .bss                os_core.o
    0x2000d820   0x0000004c   Zero   RW         1181    .bss                lwip_comm.o
    0x2000d86c   0x000007d0   Zero   RW         1255    .bss                tcp_server_demo.o
    0x2000e03c   0x000005dc   Zero   RW         1297    .bss                tcp_client_demo.o
    0x2000e618   0x000000f0   Zero   RW         1317    .bss                fs.o
    0x2000e708   0x00000400   Zero   RW         1342    .bss                httpd.o
    0x2000eb08   0x00000032   Zero   RW         1452    .bss                dhcp.o
    0x2000eb3a   0x00000002   PAD
    0x2000eb3c   0x00000028   Zero   RW         1557    .bss                memp.o
    0x2000eb64   0x00000010   Zero   RW         1670    .bss                tcp_in.o
    0x2000eb74   0x000000c8   Zero   RW         1755    .bss                etharp.o
    0x2000ec3c   0x000007d0   Zero   RW         1808    .bss                udp_demo.o
    0x2000f40c   0x00000010   Zero   RW         1912    .bss                ip_addr.o
    0x2000f41c   0x00000060   Zero   RW         2159    .bss                c_w.l(libspace.o)
    0x2000f47c   0x00000004   PAD
    0x2000f480   0x00000200   Zero   RW          724    HEAP                startup_stm32f10x_hd.o
    0x2000f680   0x00000400   Zero   RW          723    STACK               startup_stm32f10x_hd.o



  Load Region LR$$.ARM.__AT_0x68000000 (Base: 0x68000000, Size: 0x00000000, Max: 0x000f0000, ABSOLUTE)

    Execution Region ER$$.ARM.__AT_0x68000000 (Base: 0x68000000, Size: 0x000f0000, Max: 0x000f0000, ABSOLUTE, UNINIT)

    Base Addr    Size         Type   Attr      Idx    E Section Name        Object

    0x68000000   0x000f0000   Zero   RW          692    .ARM.__AT_0x68000000  malloc.o



  Load Region LR$$.ARM.__AT_0x680F0000 (Base: 0x680f0000, Size: 0x00000000, Max: 0x0000f000, ABSOLUTE)

    Execution Region ER$$.ARM.__AT_0x680F0000 (Base: 0x680f0000, Size: 0x0000f000, Max: 0x0000f000, ABSOLUTE, UNINIT)

    Base Addr    Size         Type   Attr      Idx    E Section Name        Object

    0x680f0000   0x0000f000   Zero   RW          693    .ARM.__AT_0x680F0000  malloc.o


==============================================================================

Image component sizes


      Code (inc. data)   RO Data    RW Data    ZI Data      Debug   Object Name

       378          0          0          0          0       2614   24cxx.o
        56          6          0          0          0        472   beep.o
       644         24          0          0          0       2013   ctiic.o
        62          0          0          0          0       1082   def.o
       304         24          0          4          0       1709   delay.o
      6372       1100        140          4         50      18888   dhcp.o
      2108        362          0          0         18      10536   dm9000.o
         0          0          0          0          0        680   err.o
      3520        596         80          1        200       9687   etharp.o
       316        114          0          0          0       3086   ethernetif.o
       264          8     103380          0        240       5902   fs.o
       824         38         10          1          0       2427   ft5206.o
      1112         74        194          1          0       2942   gt9147.o
      4608        794        154         36       1024      12446   httpd.o
      1212        206         54         16          0       4376   httpd_cgi_ssi.o
      1052        374          0          0          0       2530   icmp.o
         0          0          0          0          0       3820   inet.o
       676        104          0          0          0       2941   inet_chksum.o
        28          0          0          0          0      10001   init.o
      1076        174          0         18          0       6351   ip.o
       812        112          8          0         16       9283   ip_addr.o
      2562        484          0          6          0       6632   ip_frag.o
       252         12          0          1          0        812   key.o
     19478        162       6080          4         14      23379   lcd.o
        76          8          0          0          0        479   led.o
      1320        464          0         20         76      15837   lwip_comm.o
      2772        682          0         30       6912     286713   main.o
       556         18         24         28    1088000       4480   malloc.o
      1700        532          0         16          0       3898   mem.o
       436        196         40          4         40       3376   memp.o
       220         22          0          0          0       1769   misc.o
       620         14          0          0          0       1844   myiic.o
       768        126          0          9          0       6089   netif.o
      2196        218        256         92       3904      15515   os_core.o
       180         36          0          0          0        316   os_cpu_a.o
       212          4          0          6          0      11371   os_cpu_c.o
      2060         42          0          0          0       6748   os_flag.o
       972         16          0          0          0       4078   os_mbox.o
      1512         30          0          0          0       5477   os_q.o
       908         18          0          0          0       3822   os_sem.o
      1988         70          0          0          0       7413   os_task.o
       432         30          0          0          0       1754   os_time.o
      1588         94          0          0          0       5453   os_tmr.o
       876         56         10          1          0       2579   ott2001a.o
      4156       1234          0          0          0       9017   pbuf.o
       572        134          0          4          0       3265   raw.o
      1160         62         24          2         10       4182   rtc.o
         0          0          0          0          0       1228   spi.o
       280         16          0          0          0       1917   sram.o
        64         26        304          0       1536        784   startup_stm32f10x_hd.o
      1102         26          0          0          0      10801   stm32f10x_adc.o
       196          8          0          0          0       3428   stm32f10x_bkp.o
       284         10          0          0          0       2199   stm32f10x_exti.o
      1548         18          0          0          0       5311   stm32f10x_fsmc.o
       860         38          0          0          0       5613   stm32f10x_gpio.o
        22          0          0          0          0        983   stm32f10x_it.o
       204         14          0          0          0       1903   stm32f10x_pwr.o
       932         36          0         20          0       8764   stm32f10x_rcc.o
       328          4          0          0          0       2650   stm32f10x_rtc.o
      3610         88          0          0          0      22096   stm32f10x_tim.o
      1032         22          0          0          0       8336   stm32f10x_usart.o
         0          0          0          0          0         32   sys.o
        12          6          0          0          0       1050   sys_arch.o
       480         38          0         20          0       1691   system_stm32f10x.o
      5144       1098        197         36          0      21415   tcp.o
      1564        334         41          5       1500       5424   tcp_client_demo.o
      6106        938          0         32         16      14955   tcp_in.o
      4688        864         85          0          0       9651   tcp_out.o
      1472        290         41          5       2000      13765   tcp_server_demo.o
       132          8          0          0          0        752   timer.o
       784        190          0         12          0       3011   timers.o
      4020        222        125         54          0       6597   touch.o
       568         40          0          3          0       2359   tpad.o
       392         34          0          0          0       1477   tsensor.o
      1488        202          0          8          0      14133   udp.o
      1136        280         39          5       2000       3126   udp_demo.o
       660         90          0          6        400       3943   usart.o

    ----------------------------------------------------------------------
    114118      13814     111342        540    1107968     729478   Object Totals
         0          0         32          0          0          0   (incl. Generated)
        14          0         24         30         12          0   (incl. Padding)

    ----------------------------------------------------------------------

      Code (inc. data)   RO Data    RW Data    ZI Data      Debug   Library Member Name

        90          0          0          0          0          0   __dczerorl2.o
         8          0          0          0          0         68   __main.o
       312          4         17          0          0         92   __printf_flags_wp.o
        14          0          0          0          0         68   __printf_wp.o
         0          0          0          0          0          0   __rtentry.o
        12          0          0          0          0          0   __rtentry2.o
         6          0          0          0          0          0   __rtentry4.o
        52          8          0          0          0          0   __scatter.o
        28          0          0          0          0          0   __scatter_zi.o
        44          0          0          0          0        108   _printf_char.o
        48          6          0          0          0         96   _printf_char_common.o
        36          4          0          0          0         80   _printf_char_file.o
         6          0          0          0          0          0   _printf_d.o
       120         16          0          0          0         92   _printf_dec.o
        88          4         40          0          0         88   _printf_hex_int.o
       178          0          0          0          0         88   _printf_intcommon.o
        78          0          0          0          0        108   _printf_pad.o
         0          0          0          0          0          0   _printf_percent.o
         4          0          0          0          0          0   _printf_percent_end.o
         6          0          0          0          0          0   _printf_s.o
        82          0          0          0          0         80   _printf_str.o
         6          0          0          0          0          0   _printf_x.o
        22          0          0          0          0        100   _rserrno.o
        10          0          0          0          0         68   _sputc.o
        12          0          0          0          0         72   exit.o
         8          0          0          0          0         68   ferror.o
         6          0          0          0          0        152   heapauxi.o
         2          0          0          0          0          0   libinit.o
         2          0          0          0          0          0   libinit2.o
         2          0          0          0          0          0   libshutdown.o
         2          0          0          0          0          0   libshutdown2.o
         8          4          0          0         96         68   libspace.o
        88          0          0          0          0         76   memcmp.o
        24          4          0          0          0         84   noretval__2printf.o
        40          6          0          0          0         84   noretval__2sprintf.o
         8          4          0          0          0         68   rt_errno_addr_intlibspace.o
        68          0          0          0          0         68   rt_memclr.o
        78          0          0          0          0         80   rt_memclr_w.o
       138          0          0          0          0         68   rt_memcpy_v6.o
       100          0          0          0          0         80   rt_memcpy_w.o
         2          0          0          0          0          0   rtexit.o
        10          0          0          0          0          0   rtexit2.o
        20          0          0          0          0         68   strchr.o
       128          0          0          0          0         68   strcmpv7m.o
        62          0          0          0          0         76   strlen.o
       150          0          0          0          0         80   strncmp.o
        36          0          0          0          0         80   strstr.o
        74          0          0          0          0         80   sys_stackheap_outer.o
         2          0          0          0          0         68   use_no_semi.o
         2          0          0          0          0         68   use_no_semi_2.o
       826         16          0          0          0        348   daddsub_clz.o
        24          0          0          0          0         68   dcmpi.o
       688        140          0          0          0        208   ddiv.o
        94          4          0          0          0         92   dfix.o
        90          4          0          0          0         92   dfixu.o
        84          0          0          0          0        136   dflt_clz.o
       120          4          0          0          0         92   dleqf.o
       340         12          0          0          0        104   dmul.o
       156          4          0          0          0         92   dnaninf.o
        12          0          0          0          0         68   dretinf.o
       108          0          0          0          0         80   drleqf.o
       460         56          0          0          0        120   dsqrt_noumaal.o
        86          4          0          0          0         84   f2d.o
       430          8          0          0          0        168   faddsub_clz.o
       388         76          0          0          0         96   fdiv.o
        54          4          0          0          0         84   ffix.o
        62          4          0          0          0         84   ffixu.o
        86          0          0          0          0        136   fflt_clz.o
       258          4          0          0          0         84   fmul.o
       140          4          0          0          0         84   fnaninf.o
        10          0          0          0          0         68   fretinf.o
         0          0          0          0          0          0   usenofp.o
        76          0          0          0          0         84   sqrt.o

    ----------------------------------------------------------------------
      6932        404         60          0        100       5164   Library Totals
        18          0          3          0          4          0   (incl. Padding)

    ----------------------------------------------------------------------

      Code (inc. data)   RO Data    RW Data    ZI Data      Debug   Library Name

      2322         60         57          0         96       2692   c_w.l
      4516        344          0          0          0       2388   fz_ws.l
        76          0          0          0          0         84   m_ws.l

    ----------------------------------------------------------------------
      6932        404         60          0        100       5164   Library Totals

    ----------------------------------------------------------------------

==============================================================================


      Code (inc. data)   RO Data    RW Data    ZI Data      Debug   

    121050      14218     111402        540    1108068     725278   Grand Totals
    121050      14218     111402        124    1108068     725278   ELF Image Totals (compressed)
    121050      14218     111402        124          0          0   ROM Totals

==============================================================================

    Total RO  Size (Code + RO Data)               232452 ( 227.00kB)
    Total RW  Size (RW Data + ZI Data)           1108608 (1082.63kB)
    Total ROM Size (Code + RO Data + RW Data)     232576 ( 227.13kB)

==============================================================================

